Added Component: Designator=C29(CAPC0402(1005)60_L)
Add component (AddParameter): Name = "Capacitor Type"; Value = ""; VariantName = "[No Variations]"
Add component (AddParameter): Name = "Case/Package"; Value = "0402"; VariantName = "[No Variations]"
Add component (AddParameter): Name = "Max Operating Temperature"; Value = "85°C"; VariantName = "[No Variations]"
Add component (AddParameter): Name = "Min Operating Temperature"; Value = "-55°C"; VariantName = "[No Variations]"
Add component (AddParameter): Name = "Mounting Technology"; Value = "SMT"; VariantName = "[No Variations]"
Add component (AddParameter): Name = "Pins"; Value = "2"; VariantName = "[No Variations]"
Add component (AddParameter): Name = "Ripple Current"; Value = ""; VariantName = "[No Variations]"
Add component (AddParameter): Name = "Ripple Current (AC)"; Value = ""; VariantName = "[No Variations]"
Add component (AddParameter): Name = "RoHS Compliant"; Value = ""; VariantName = "[No Variations]"
Add component (AddParameter): Name = "Tolerance"; Value = "10%"; VariantName = "[No Variations]"
Add component (AddParameter): Name = "Value"; Value = "100nF"; VariantName = "[No Variations]"
Add component (AddParameter): Name = "Voltage Rating"; Value = "50V"; VariantName = "[No Variations]"
Added Component: Designator=R19(RESC1608X55X25ML10T15)
Add component (AddParameter): Name = "Case/Package"; Value = "0603"; VariantName = "[No Variations]"
Add component (AddParameter): Name = "Max Operating Temperature"; Value = "155°C"; VariantName = "[No Variations]"
Add component (AddParameter): Name = "Min Operating Temperature"; Value = "-55°C"; VariantName = "[No Variations]"
Add component (AddParameter): Name = "Mounting Technology"; Value = "SM"; VariantName = "[No Variations]"
Add component (AddParameter): Name = "Pins"; Value = "2"; VariantName = "[No Variations]"
Add component (AddParameter): Name = "Power"; Value = "100mW"; VariantName = "[No Variations]"
Add component (AddParameter): Name = "RoHS Compliant"; Value = "True"; VariantName = "[No Variations]"
Add component (AddParameter): Name = "Tolerance"; Value = "1%"; VariantName = "[No Variations]"
Add component (AddParameter): Name = "Value"; Value = "5k1"; VariantName = "[No Variations]"
Add component (AddParameter): Name = "Voltage Rating"; Value = "50V"; VariantName = "[No Variations]"
Added Component: Designator=R20(RESC1608X55X25ML10T15)
Add component (AddParameter): Name = "Case/Package"; Value = "0603"; VariantName = "[No Variations]"
Add component (AddParameter): Name = "Max Operating Temperature"; Value = "155°C"; VariantName = "[No Variations]"
Add component (AddParameter): Name = "Min Operating Temperature"; Value = "-55°C"; VariantName = "[No Variations]"
Add component (AddParameter): Name = "Mounting Technology"; Value = "SM"; VariantName = "[No Variations]"
Add component (AddParameter): Name = "Pins"; Value = "2"; VariantName = "[No Variations]"
Add component (AddParameter): Name = "Power"; Value = "100mW"; VariantName = "[No Variations]"
Add component (AddParameter): Name = "RoHS Compliant"; Value = "True"; VariantName = "[No Variations]"
Add component (AddParameter): Name = "Tolerance"; Value = "1%"; VariantName = "[No Variations]"
Add component (AddParameter): Name = "Value"; Value = "5k1"; VariantName = "[No Variations]"
Add component (AddParameter): Name = "Voltage Rating"; Value = "50V"; VariantName = "[No Variations]"
Added Component: Designator=U4(SOT50P160X60-6N)
Add component (AddParameter): Name = "Check_prices"; Value = "https://www.snapeda.com/parts/USBLC6-2P6/STMicroelectronics/view-part/?ref=eda"; VariantName = "[No Variations]"
Add component (AddParameter): Name = "MF"; Value = "STMicroelectronics"; VariantName = "[No Variations]"
Add component (AddParameter): Name = "MP"; Value = "USBLC6-2P6"; VariantName = "[No Variations]"
Add component (AddParameter): Name = "Package"; Value = "SOT-666 STMicroelectronics"; VariantName = "[No Variations]"
Add component (AddParameter): Name = "SnapEDA_Link"; Value = "https://www.snapeda.com/parts/USBLC6-2P6/STMicroelectronics/view-part/?ref=snap"; VariantName = "[No Variations]"
Add component (AddParameter): Name = "Value"; Value = ""; VariantName = "[No Variations]"
Added Component: Designator=USB-C(GCT_USB4105GFA120)
Add component (AddParameter): Name = "Check_prices"; Value = "https://www.snapeda.com/parts/USB4105GFA120/Global+Connector+Technology/view-part/?ref=eda"; VariantName = "[No Variations]"
Add component (AddParameter): Name = "MF"; Value = "Global Connector Technology"; VariantName = "[No Variations]"
Add component (AddParameter): Name = "MP"; Value = "USB4105GFA120"; VariantName = "[No Variations]"
Add component (AddParameter): Name = "Package"; Value = "None"; VariantName = "[No Variations]"
Add component (AddParameter): Name = "SnapEDA_Link"; Value = "https://www.snapeda.com/parts/USB4105GFA120/Global+Connector+Technology/view-part/?ref=snap"; VariantName = "[No Variations]"
Add component (AddParameter): Name = "Value"; Value = ""; VariantName = "[No Variations]"
Added Pin To Net: NetName=GND Pin=C29-1
Added Pin To Net: NetName=EN Pin=ESP32-S3-3
Added Pin To Net: NetName=BOOT Pin=ESP32-S3-27
Added Pin To Net: NetName=GND Pin=R19-2
Added Pin To Net: NetName=GND Pin=R20-1
Added Pin To Net: NetName=GND Pin=U4-2
Added Pin To Net: NetName=GND Pin=USB-C-A1_B12
Added Pin To Net: NetName=GND Pin=USB-C-B1_A12
Added Pin To Net: NetName=GND Pin=USB-C-SH1
Added Pin To Net: NetName=GND Pin=USB-C-SH2
Added Pin To Net: NetName=GND Pin=USB-C-SH3
Added Pin To Net: NetName=GND Pin=USB-C-SH4
Added Pin To Net: NetName=D++ Pin=ESP32-S3-14
Added Pin To Net: NetName=D++ Pin=U4-6
Added Net: Name=D++
Added Pin To Net: NetName=D+ Pin=U4-1
Added Pin To Net: NetName=D+ Pin=USB-C-A6
Added Pin To Net: NetName=D+ Pin=USB-C-B6
Added Net: Name=D+
Added Pin To Net: NetName=D-- Pin=ESP32-S3-13
Added Pin To Net: NetName=D-- Pin=U4-4
Added Net: Name=D--
Added Pin To Net: NetName=D- Pin=U4-3
Added Pin To Net: NetName=D- Pin=USB-C-A7
Added Pin To Net: NetName=D- Pin=USB-C-B7
Added Net: Name=D-
Added Pin To Net: NetName=IO1 Pin=ESP32-S3-39
Added Net: Name=IO1
Added Pin To Net: NetName=NetC29_2 Pin=C29-2
Added Pin To Net: NetName=NetC29_2 Pin=U4-5
Added Net: Name=NetC29_2
Added Pin To Net: NetName=NetR19_1 Pin=R19-1
Added Pin To Net: NetName=NetR19_1 Pin=USB-C-B5
Added Net: Name=NetR19_1
Added Pin To Net: NetName=NetR20_2 Pin=R20-2
Added Pin To Net: NetName=NetR20_2 Pin=USB-C-A5
Added Net: Name=NetR20_2
Added Pin To Net: NetName=Vbus Pin=USB-C-A4_B9
Added Pin To Net: NetName=Vbus Pin=USB-C-B4_A9
Added Net: Name=Vbus
Added Member To Class: ClassName=Esp32-S3-Mainboard Member=Component C29 Capacitor 100nF +/-20% 50V 0402
Added Member To Class: ClassName=Esp32-S3-Mainboard Member=Component R19 Resistor 100k +/-1% 0603 100 mW
Added Member To Class: ClassName=Esp32-S3-Mainboard Member=Component R20 Resistor 100k +/-1% 0603 100 mW
Added Member To Class: ClassName=Esp32-S3-Mainboard Member=Component U4 USBLC6-2P6
Added Member To Class: ClassName=Esp32-S3-Mainboard Member=Component USB-C USB4105GFA120
