Added Component: Designator=ESP32-S3(ESP32S3WROOM1N8R2)
Add component (AddParameter): Name = "Check_prices"; Value = "https://www.snapeda.com/parts/ESP32-S3-WROOM-1-N16R8/Espressif+Systems/view-part/?ref=eda"; VariantName = "[No Variations]"
Add component (AddParameter): Name = "MF"; Value = "Espressif Systems"; VariantName = "[No Variations]"
Add component (AddParameter): Name = "MP"; Value = "ESP32-S3-WROOM-1-N16R8"; VariantName = "[No Variations]"
Add component (AddParameter): Name = "Package"; Value = "NON STANDARD Espressif Systems"; VariantName = "[No Variations]"
Add component (AddParameter): Name = "SnapEDA_Link"; Value = "https://www.snapeda.com/parts/ESP32-S3-WROOM-1-N16R8/Espressif+Systems/view-part/?ref=snap"; VariantName = "[No Variations]"
Add component (AddParameter): Name = "Value"; Value = ""; VariantName = "[No Variations]"
Added Pin To Net: NetName=D 3V3 Pin=ESP32-S3-2
Added Pin To Net: NetName=IO2 Pin=ESP32-S3-38
Added Pin To Net: NetName=NetESP32-S3_1 Pin=ESP32-S3-1
Added Pin To Net: NetName=NetESP32-S3_1 Pin=ESP32-S3-40
Added Pin To Net: NetName=NetESP32-S3_1 Pin=ESP32-S3-41
Added Pin To Net: NetName=NetESP32-S3_1 Pin=ESP32-S3-42
Added Pin To Net: NetName=NetESP32-S3_1 Pin=ESP32-S3-43
Added Pin To Net: NetName=NetESP32-S3_1 Pin=ESP32-S3-44
Added Pin To Net: NetName=NetESP32-S3_1 Pin=ESP32-S3-45
Added Pin To Net: NetName=NetESP32-S3_1 Pin=ESP32-S3-46
Added Pin To Net: NetName=NetESP32-S3_1 Pin=ESP32-S3-47
Added Pin To Net: NetName=NetESP32-S3_1 Pin=ESP32-S3-48
Added Pin To Net: NetName=NetESP32-S3_1 Pin=ESP32-S3-49
Added Net: Name=NetESP32-S3_1
Added Member To Class: ClassName=Esp32-S3-Mainboard Member=Component ESP32-S3 ESP32-S3-WROOM-1-N16R8
